{
  "id": "81700eff-acc7-459b-9c17-2f9e3d937db7",
  "type": "circleci",
  "name": "Ash Williams",
  "slug": "circleci/Gz3a4NZuvL2Eng3EFmqdLS"
}