{
  "identifier": "default",
  "name": "default",
  "description": "Default Organization"
}