{
  "name": "scriptvar",
  "identifier": "scriptvar",
  "version": 17,
  "numOfStages": 1,
  "createdAt": 1673652968631,
  "lastUpdatedAt": 1673654210573
}