{
  "name": "usernamesaucelab",
  "identifier": "usernamesaucelab",
  "orgIdentifier": "default",
  "projectIdentifier": "pranavt1",
  "type": "SecretText",
  "spec": {
    "value": null,
    "valueType": "Inline",
    "secretManagerIdentifier": "harnessSecretManager"
  }
}